
Memory Configuration

Name             Origin             Length             Attributes
options          0x1fff0000         0x00000020         r
itcm_ram         0x00000000         0x00001000         xrw
itcm_flash       0x00200000         0x00008000         xr
flash            0x08000000         0x00100000         xr
boot_vector      0x08001000         0x00000000
dtcm             0x20000000         0x00010000         xrw
sram             0x20010000         0x00040000         xrw
stack            0x2004ffff         0x00000000         xrw
*default*        0x00000000         0xffffffff

Linker script and memory map

LOAD obj/main.o
LOAD obj/startup_stm32f4xx.o

.nvic_vector    0x08000000      0x1e8
 FILL mask 0xff
 *(.isr_vector)
 *(.after_vectors .after_vectors.*)
 .after_vectors
                0x08000000       0x20 obj/startup_stm32f4xx.o
                0x08000000                RTC_Alarm_IRQHandler
                0x08000000                EXTI2_IRQHandler
                0x08000000                TIM8_CC_IRQHandler
                0x08000000                DebugMon_Handler
                0x08000000                UART8_IRQHandler
                0x08000000                SPI4_IRQHandler
                0x08000000                TIM1_CC_IRQHandler
                0x08000000                DMA2_Stream5_IRQHandler
                0x08000000                HardFault_Handler
                0x08000000                DMA1_Stream5_IRQHandler
                0x08000000                SysTick_Handler
                0x08000000                PVD_IRQHandler
                0x08000000                TAMP_STAMP_IRQHandler
                0x08000000                PendSV_Handler
                0x08000000                NMI_Handler
                0x08000000                CAN2_RX1_IRQHandler
                0x08000000                EXTI3_IRQHandler
                0x08000000                TIM8_TRG_COM_TIM14_IRQHandler
                0x08000000                TIM1_UP_TIM10_IRQHandler
                0x08000000                TIM8_UP_TIM13_IRQHandler
                0x08000000                I2C3_ER_IRQHandler
                0x08000000                EXTI0_IRQHandler
                0x08000000                I2C2_EV_IRQHandler
                0x08000000                DMA1_Stream2_IRQHandler
                0x08000000                CAN1_RX0_IRQHandler
                0x08000000                FPU_IRQHandler
                0x08000000                OTG_HS_WKUP_IRQHandler
                0x08000000                UsageFault_Handler
                0x08000000                CAN2_SCE_IRQHandler
                0x08000000                DMA2_Stream2_IRQHandler
                0x08000000                SPI1_IRQHandler
                0x08000000                TIM6_DAC_IRQHandler
                0x08000000                TIM1_BRK_TIM9_IRQHandler
                0x08000000                DCMI_IRQHandler
                0x08000000                CAN2_RX0_IRQHandler
                0x08000000                DMA2_Stream3_IRQHandler
                0x08000000                SAI2_IRQHandler
                0x08000000                USART6_IRQHandler
                0x08000000                USART3_IRQHandler
                0x08000000                SAI1_IRQHandler
                0x08000000                CAN1_RX1_IRQHandler
                0x08000000                UART5_IRQHandler
                0x08000000                DMA2_Stream0_IRQHandler
                0x08000000                TIM4_IRQHandler
                0x08000000                QUADSPI_IRQHandler
                0x08000000                I2C1_EV_IRQHandler
                0x08000000                DMA1_Stream6_IRQHandler
                0x08000000                DMA1_Stream1_IRQHandler
                0x08000000                UART4_IRQHandler
                0x08000000                TIM3_IRQHandler
                0x08000000                RCC_IRQHandler
                0x08000000                TIM8_BRK_TIM12_IRQHandler
                0x08000000                Default_Handler
                0x08000000                DMA1_Stream3_IRQHandler
                0x08000000                CEC_IRQHandler
                0x08000000                EXTI15_10_IRQHandler
                0x08000000                ADC_IRQHandler
                0x08000000                DMA1_Stream7_IRQHandler
                0x08000000                SPI5_IRQHandler
                0x08000000                TIM7_IRQHandler
                0x08000000                SDMMC1_IRQHandler
                0x08000000                CAN2_TX_IRQHandler
                0x08000000                TIM5_IRQHandler
                0x08000000                DMA2_Stream7_IRQHandler
                0x08000000                I2C3_EV_IRQHandler
                0x08000000                EXTI9_5_IRQHandler
                0x08000000                RTC_WKUP_IRQHandler
                0x08000000                ETH_WKUP_IRQHandler
                0x08000000                SPDIF_RX_IRQHandler
                0x08000000                SPI2_IRQHandler
                0x08000000                OTG_HS_EP1_IN_IRQHandler
                0x08000000                MemManage_Handler
                0x08000000                DMA1_Stream0_IRQHandler
                0x08000000                CAN1_TX_IRQHandler
                0x08000000                SVC_Handler
                0x08000000                EXTI4_IRQHandler
                0x08000000                RNG_IRQHandler
                0x08000000                ETH_IRQHandler
                0x08000000                OTG_HS_EP1_OUT_IRQHandler
                0x08000000                WWDG_IRQHandler
                0x08000000                SPI6_IRQHandler
                0x08000000                I2C4_EV_IRQHandler
                0x08000000                TIM2_IRQHandler
                0x08000000                OTG_FS_WKUP_IRQHandler
                0x08000000                TIM1_TRG_COM_TIM11_IRQHandler
                0x08000000                OTG_HS_IRQHandler
                0x08000000                DMA2D_IRQHandler
                0x08000000                EXTI1_IRQHandler
                0x08000000                UART7_IRQHandler
                0x08000000                USART2_IRQHandler
                0x08000000                I2C2_ER_IRQHandler
                0x08000000                DMA2_Stream1_IRQHandler
                0x08000000                CAN1_SCE_IRQHandler
                0x08000000                FLASH_IRQHandler
                0x08000000                DMA2_Stream4_IRQHandler
                0x08000000                BusFault_Handler
                0x08000000                USART1_IRQHandler
                0x08000000                OTG_FS_IRQHandler
                0x08000000                SPI3_IRQHandler
                0x08000000                DMA1_Stream4_IRQHandler
                0x08000000                I2C1_ER_IRQHandler
                0x08000000                FMC_IRQHandler
                0x08000000                LPTIM1_IRQHandler
                0x08000000                I2C4_ER_IRQHandler
                0x08000000                DMA2_Stream6_IRQHandler
                0x08000008                _start
                0x08000018                Reset_Handler
 .nvic_vector   0x08000020      0x1c8 obj/startup_stm32f4xx.o
                0x08000020                nvic_Vector

.text           0x080001e8       0x10
 *(.main)
 *(.text)
 .text          0x080001e8       0x10 obj/main.o
                0x080001e8                main
 .text          0x080001f8        0x0 obj/startup_stm32f4xx.o
 *(.text.*)
 *(.rodata)
 *(.rodata.*)
                0x080001f8                . = ALIGN (0x4)

.glue_7         0x080001f8        0x0
 .glue_7        0x080001f8        0x0 linker stubs

.glue_7t        0x080001f8        0x0
 .glue_7t       0x080001f8        0x0 linker stubs

.vfp11_veneer   0x080001f8        0x0
 .vfp11_veneer  0x080001f8        0x0 linker stubs

.v4_bx          0x080001f8        0x0
 .v4_bx         0x080001f8        0x0 linker stubs

.iplt           0x080001f8        0x0
 .iplt          0x080001f8        0x0 obj/main.o

.rel.dyn        0x080001f8        0x0
 .rel.iplt      0x080001f8        0x0 obj/main.o

.data           0x20010000        0x0 load address 0x080001f8
 *(.data)
 .data          0x20010000        0x0 obj/main.o
 .data          0x20010000        0x0 obj/startup_stm32f4xx.o
 *(.data.*)
                0x20010000                . = ALIGN (0x4)

.igot.plt       0x20010000        0x0 load address 0x080001f8
 .igot.plt      0x20010000        0x0 obj/main.o

.bss            0x20010000        0x0 load address 0x080001f8
                0x20010000                __bss_start__ = .
 *(.bss)
 .bss           0x20010000        0x0 obj/main.o
 .bss           0x20010000        0x0 obj/startup_stm32f4xx.o
                0x20010000                . = ALIGN (0x4)
                0x20010000                __bss_end__ = .

.heap           0x20010000        0x0 load address 0x080001f8
                0x20010000                _HEAP = .

.stack          0x2004ffff        0x0
                0x2004ffff                _STACKTOP = .
OUTPUT(bin\BareBoard elf32-littlearm)

.debug_info     0x00000000       0xfe
 .debug_info    0x00000000       0x42 obj/main.o
 .debug_info    0x00000042       0xbc obj/startup_stm32f4xx.o

.debug_abbrev   0x00000000      0x10d
 .debug_abbrev  0x00000000       0x39 obj/main.o
 .debug_abbrev  0x00000039       0xd4 obj/startup_stm32f4xx.o

.debug_aranges  0x00000000       0x50
 .debug_aranges
                0x00000000       0x20 obj/main.o
 .debug_aranges
                0x00000020       0x30 obj/startup_stm32f4xx.o

.debug_line     0x00000000       0x92
 .debug_line    0x00000000       0x3c obj/main.o
 .debug_line    0x0000003c       0x56 obj/startup_stm32f4xx.o

.debug_str      0x00000000      0x107
 .debug_str     0x00000000       0x9e obj/main.o
 .debug_str     0x0000009e       0x69 obj/startup_stm32f4xx.o
                                 0xf7 (size before relaxing)

.comment        0x00000000       0x6e
 .comment       0x00000000       0x6e obj/main.o
                                 0x6f (size before relaxing)
 .comment       0x0000006e       0x6f obj/startup_stm32f4xx.o

.ARM.attributes
                0x00000000       0x33
 .ARM.attributes
                0x00000000       0x33 obj/main.o
 .ARM.attributes
                0x00000033       0x33 obj/startup_stm32f4xx.o

.debug_frame    0x00000000       0x94
 .debug_frame   0x00000000       0x30 obj/main.o
 .debug_frame   0x00000030       0x64 obj/startup_stm32f4xx.o

.debug_ranges   0x00000000       0x20
 .debug_ranges  0x00000000       0x20 obj/startup_stm32f4xx.o
